// Jest Snapshot v1, https://goo.gl/fbAQLP

exports[`Add 通常 マウント metaタグ 1`] = `
NodeList [
  <meta
    content="noindex"
    data-vmid="robots"
    data-vue-meta="2"
    name="robots"
  />,
]
`;

exports[`Add 通常 マウント titleタグ 1`] = `"やそスポーツクラブ | 用途追加"`;

exports[`Add 通常 マウント データ取得：成功 ページ全体表示 1`] = `
<div>
  <h1>
    用途追加
  </h1>
   
  <form
    class=""
  >
    <div
      class="card"
    >
      <div
        class="card-body"
      >
        <div
          class="form-group form-row"
          role="group"
        >
          <label
            class="col-form-label col-sm-3"
            for="name"
          >
             名称 
          </label>
          <div
            class="col-sm-9"
          >
            <!---->
            <input
              class="form-control"
              id="name"
              type="text"
            />
            <!---->
            <!---->
            <!---->
            <!---->
          </div>
        </div>
         
        <div
          class="form-row form-group"
        >
          <label
            class="col-form-label col-sm-3"
            for=""
          >
            
    公開フラグ
  
          </label>
           
          <div
            class="col-sm-9"
          >
            <div
              class="my-input-wrapper"
            >
              <label
                class="c-switch form-check-label c-switch-primary c-switch-label"
              >
                <input
                  class="c-switch-input form-check-input"
                  id="is_public"
                  type="checkbox"
                />
                <span
                  class="c-switch-slider"
                  data-checked="✓"
                  data-unchecked="✕"
                />
              </label>
            </div>
             
            <!---->
          </div>
        </div>
         
        <div
          class="form-group form-row"
          role="group"
        >
          <label
            class="col-form-label col-sm-3"
            for="reservation_organization_id"
          >
             予約団体 
          </label>
          <div
            class="col-sm-9"
          >
            <!---->
            <select
              class="form-control"
              id="reservation_organization_id"
            >
              <!---->
              <option
                data-key="0"
                value=""
              >
                  
              </option>
              <option
                data-key="1"
                value="1"
              >
                 一般団体 
              </option>
              <option
                data-key="2"
                value="2"
              >
                 普及活動クラブ 
              </option>
            </select>
            <!---->
            <!---->
            <!---->
            <!---->
          </div>
        </div>
      </div>
       
      <footer
        class="card-footer"
      >
        <button
          class="btn btn-secondary"
          id="btn-reset"
          type="button"
        >
          
          リセット
        
        </button>
         
        <button
          class="btn btn-primary"
          type="submit"
        >
          
          保存
        
        </button>
      </footer>
    </div>
  </form>
</div>
`;
